
Gurobi 12.0.3 (mac64[arm]) logging started Thu Aug 27 13:08:20 2026

Set parameter LogFile to value "n10-compact-global-search.log"
Gurobi Optimizer version 12.0.3 build v12.0.3rc0 (mac64[arm] - Darwin 25.2.0 25C56)

CPU model: Apple M5
Thread count: 10 physical cores, 10 logical processors, using up to 10 threads

Non-default parameters:
TimeLimit  7200
MIPFocus  2
NonConvex  2

Optimize a model with 8 rows, 136 columns and 20 nonzeros
Model fingerprint: 0x5c11a421
Model has 238 quadratic constraints
Variable types: 16 continuous, 120 integer (120 binary)
Coefficient statistics:
  Matrix range     [5e-01, 1e+00]
  QMatrix range    [5e-01, 5e-01]
  QLMatrix range   [5e-01, 1e+00]
  Objective range  [1e+00, 1e+00]
  Bounds range     [5e-02, 1e+00]
  RHS range        [1e+00, 1e+00]
  QRHS range       [5e-01, 2e+00]

User MIP start did not produce a new incumbent solution

Presolve removed 2 rows and 15 columns
Presolve time: 0.00s
Presolved: 441 rows, 173 columns, 1868 nonzeros
Presolved model has 51 bilinear constraint(s)

Solving non-convex MIQCP

Variable types: 68 continuous, 105 integer (105 binary)
Root relaxation presolve removed 54 rows and 1 columns
Root relaxation presolved: 387 rows, 172 columns, 1805 nonzeros


Root relaxation: objective 5.488069e-02, 132 iterations, 0.00 seconds (0.00 work units)
Another try with MIP start

    Nodes    |    Current Node    |     Objective Bounds      |     Work
 Expl Unexpl |  Obj  Depth IntInf | Incumbent    BestBd   Gap | It/Node Time

     0     0    0.05488    0   44          -    0.05488      -     -    0s
H    0     0                      -0.0000000    0.05488      -     -    0s
     0     0    0.05488    0   46   -0.00000    0.05488      -     -    0s
     0     0    0.05488    0   45   -0.00000    0.05488      -     -    0s
     0     0    0.05488    0   51   -0.00000    0.05488      -     -    0s
     0     0    0.05488    0   55   -0.00000    0.05488      -     -    0s
     0     0    0.05488    0   51   -0.00000    0.05488      -     -    0s
     0     0    0.05488    0   53   -0.00000    0.05488      -     -    0s
     0     0    0.05488    0   51   -0.00000    0.05488      -     -    0s
     0     0    0.05488    0   51   -0.00000    0.05488      -     -    0s
     0     2    0.05488    0   51   -0.00000    0.05488      -     -    0s
H 1915  1587                       0.0085969    0.05488   538%  27.5    0s
H 1915  1507                       0.0118753    0.05488   362%  27.5    0s
H 1915  1432                       0.0118757    0.05488   362%  27.5    0s
H 1915  1360                       0.0133027    0.05488   313%  27.5    0s
H 1915  1292                       0.0163935    0.05488   235%  27.5    0s
H 1915  1227                       0.0163935    0.05488   235%  27.5    0s
H 1915  1166                       0.0163935    0.05488   235%  27.5    0s
* 3108  1914             102       0.0173108    0.05488   217%  30.9    0s
H 3372  2039                       0.0181922    0.05488   202%  31.0    0s
H 3542  1924                       0.0188381    0.05488   191%  30.9    0s
* 3603  1841             132       0.0196340    0.05488   180%  30.4    0s
* 3611  1791             132       0.0196341    0.05488   180%  30.3    0s
* 4704  2102              79       0.0196443    0.05488   179%  33.3    0s
H 5205  2434                       0.0196753    0.05488   179%  33.6    0s
H 5622  2702                       0.0200256    0.05488   174%  32.9    0s
* 5792  2702              59       0.0200452    0.05488   174%  32.9    0s
* 5794  2691              60       0.0201164    0.05488   173%  32.9    0s
* 5797  2691              62       0.0201287    0.05488   173%  32.9    0s
* 5799  2691              63       0.0201318    0.05488   173%  32.9    0s
* 5803  2691              66       0.0201318    0.05488   173%  32.8    0s
H 6006  2636                       0.0208557    0.05488   163%  33.3    0s
* 6391  2811              71       0.0220421    0.05488   149%  33.1    1s
H 6855  2596                       0.0288373    0.05488  90.3%  33.3    1s
H 8205  2369                       0.0356243    0.05488  54.1%  34.0    1s
H 8398  2443                       0.0365912    0.05488  50.0%  34.0    1s
H18548  5220                       0.0369306    0.05488  48.6%  34.9    2s
H21363  5824                       0.0372336    0.05488  47.4%  35.1    2s
 45462 11202    0.05220   41   42    0.03723    0.05488  47.4%  35.9    5s
H59621 13788                       0.0376325    0.05488  45.8%  36.4    6s
H59635 13786                       0.0376341    0.05488  45.8%  36.4    6s
H91613 19392                       0.0377238    0.05488  45.5%  37.0    8s
 109201 22381     cutoff   51         0.03772    0.05488  45.5%  37.1   10s
 169204 33832    0.05290   44   65    0.03772    0.05488  45.5%  37.1   15s
 235988 47279    0.05352   44   68    0.03772    0.05488  45.5%  36.9   20s
 301850 60245    0.03808   44   43    0.03772    0.05488  45.5%  36.3   25s
 363900 73157     cutoff   51         0.03772    0.05488  45.5%  35.9   30s
 430755 85541    0.03843   62   47    0.03772    0.05488  45.5%  35.7   35s
 492309 97099    0.04834   45   67    0.03772    0.05488  45.5%  35.8   40s

Cutting planes:
  Gomory: 19
  Implied bound: 8
  Flow cover: 99
  Inf proof: 82
  RLT: 201
  Relax-and-lift: 11

Explored 545601 nodes (19565831 simplex iterations) in 44.28 seconds (98.76 work units)
Thread count was 10 (of 10 available processors)

Solution count 10: 0.0377238 0.0376341 0.0376325 ... 0.0208557

Solve interrupted
Best objective 3.772378347321e-02, best bound 5.488068669328e-02, gap 45.4803%

Gurobi 12.0.3 (mac64[arm]) logging started Thu Aug 27 13:09:17 2026

Set parameter LogFile to value "n10-compact-global-search.log"
Gurobi Optimizer version 12.0.3 build v12.0.3rc0 (mac64[arm] - Darwin 25.2.0 25C56)

CPU model: Apple M5
Thread count: 10 physical cores, 10 logical processors, using up to 10 threads

Non-default parameters:
TimeLimit  7200
MIPFocus  2
NonConvex  2

Optimize a model with 8 rows, 136 columns and 20 nonzeros
Model fingerprint: 0xdec91077
Model has 238 quadratic constraints
Variable types: 16 continuous, 120 integer (120 binary)
Coefficient statistics:
  Matrix range     [5e-01, 1e+00]
  QMatrix range    [5e-01, 5e-01]
  QLMatrix range   [5e-01, 1e+00]
  Objective range  [1e+00, 1e+00]
  Bounds range     [5e-02, 1e+00]
  RHS range        [1e+00, 1e+00]
  QRHS range       [5e-01, 2e+00]

User MIP start did not produce a new incumbent solution

Presolve removed 2 rows and 15 columns
Presolve time: 0.00s
Presolved: 441 rows, 173 columns, 1868 nonzeros
Presolved model has 51 bilinear constraint(s)

Solving non-convex MIQCP

Variable types: 68 continuous, 105 integer (105 binary)
Root relaxation presolve removed 54 rows and 1 columns
Root relaxation presolved: 387 rows, 172 columns, 1805 nonzeros


Root relaxation: objective 5.488069e-02, 132 iterations, 0.00 seconds (0.00 work units)
Another try with MIP start

    Nodes    |    Current Node    |     Objective Bounds      |     Work
 Expl Unexpl |  Obj  Depth IntInf | Incumbent    BestBd   Gap | It/Node Time

     0     0    0.05488    0   44          -    0.05488      -     -    0s
H    0     0                      -0.0000000    0.05488      -     -    0s
     0     0    0.05488    0   46   -0.00000    0.05488      -     -    0s
     0     0    0.05488    0   45   -0.00000    0.05488      -     -    0s
     0     0    0.05488    0   51   -0.00000    0.05488      -     -    0s
     0     0    0.05488    0   55   -0.00000    0.05488      -     -    0s
     0     0    0.05488    0   51   -0.00000    0.05488      -     -    0s
     0     0    0.05488    0   53   -0.00000    0.05488      -     -    0s
     0     0    0.05488    0   51   -0.00000    0.05488      -     -    0s
     0     0    0.05488    0   51   -0.00000    0.05488      -     -    0s
     0     2    0.05488    0   51   -0.00000    0.05488      -     -    0s
H 1915  1587                       0.0085969    0.05488   538%  27.5    0s
H 1915  1507                       0.0118753    0.05488   362%  27.5    0s
H 1915  1432                       0.0118757    0.05488   362%  27.5    0s
H 1915  1360                       0.0133027    0.05488   313%  27.5    0s
H 1915  1292                       0.0163935    0.05488   235%  27.5    0s
H 1915  1227                       0.0163935    0.05488   235%  27.5    0s
H 1915  1166                       0.0163935    0.05488   235%  27.5    0s
* 3108  1914             102       0.0173108    0.05488   217%  30.9    0s
H 3372  2039                       0.0181922    0.05488   202%  31.0    0s
H 3542  1924                       0.0188381    0.05488   191%  30.9    0s
* 3603  1841             132       0.0196340    0.05488   180%  30.4    0s
* 3611  1791             132       0.0196341    0.05488   180%  30.3    0s
* 4704  2102              79       0.0196443    0.05488   179%  33.3    0s
H 5205  2434                       0.0196753    0.05488   179%  33.6    0s
H 5622  2702                       0.0200256    0.05488   174%  32.9    0s
* 5792  2702              59       0.0200452    0.05488   174%  32.9    0s
* 5794  2691              60       0.0201164    0.05488   173%  32.9    0s
* 5797  2691              62       0.0201287    0.05488   173%  32.9    0s
* 5799  2691              63       0.0201318    0.05488   173%  32.9    0s
* 5803  2691              66       0.0201318    0.05488   173%  32.8    0s
H 6006  2636                       0.0208557    0.05488   163%  33.3    0s
* 6391  2811              71       0.0220421    0.05488   149%  33.1    1s
H 6855  2596                       0.0288373    0.05488  90.3%  33.3    1s
H 8205  2369                       0.0356243    0.05488  54.1%  34.0    1s
H 8398  2443                       0.0365912    0.05488  50.0%  34.0    1s
H18548  5220                       0.0369306    0.05488  48.6%  34.9    2s
H21363  5824                       0.0372336    0.05488  47.4%  35.1    2s
 44622 10946    0.04698   38   61    0.03723    0.05488  47.4%  35.9    5s
H59621 13788                       0.0376325    0.05488  45.8%  36.4    6s
H59635 13786                       0.0376341    0.05488  45.8%  36.4    6s
H91613 19392                       0.0377238    0.05488  45.5%  37.0    9s
 104082 21667     cutoff   44         0.03772    0.05488  45.5%  37.1   10s

Cutting planes:
  Gomory: 15
  Implied bound: 6
  Flow cover: 78
  Inf proof: 35
  RLT: 187
  Relax-and-lift: 11

Explored 149981 nodes (5576985 simplex iterations) in 13.72 seconds (29.89 work units)
Thread count was 10 (of 10 available processors)

Solution count 10: 0.0377238 0.0376341 0.0376325 ... 0.0208557

Solve interrupted
Best objective 3.772378347321e-02, best bound 5.488068669328e-02, gap 45.4803%

Gurobi 12.0.3 (mac64[arm]) logging started Thu Aug 27 13:09:45 2026

Set parameter LogFile to value "n10-compact-global-search.log"
Gurobi Optimizer version 12.0.3 build v12.0.3rc0 (mac64[arm] - Darwin 25.2.0 25C56)

CPU model: Apple M5
Thread count: 10 physical cores, 10 logical processors, using up to 10 threads

Non-default parameters:
TimeLimit  7200
MIPFocus  2
NonConvex  2

Optimize a model with 8 rows, 136 columns and 20 nonzeros
Model fingerprint: 0x308e52d5
Model has 238 quadratic constraints
Variable types: 16 continuous, 120 integer (120 binary)
Coefficient statistics:
  Matrix range     [5e-01, 1e+00]
  QMatrix range    [5e-01, 5e-01]
  QLMatrix range   [5e-01, 1e+00]
  Objective range  [1e+00, 1e+00]
  Bounds range     [5e-02, 1e+00]
  RHS range        [1e+00, 1e+00]
  QRHS range       [5e-01, 2e+00]

Loaded user MIP start with objective 0.0465

Presolve removed 2 rows and 15 columns
Presolve time: 0.00s
Presolved: 441 rows, 173 columns, 1868 nonzeros
Presolved model has 51 bilinear constraint(s)

Solving non-convex MIQCP

Variable types: 68 continuous, 105 integer (105 binary)
Root relaxation presolve removed 11 rows and 1 columns
Root relaxation presolved: 430 rows, 172 columns, 1947 nonzeros


Root relaxation: objective 5.488069e-02, 145 iterations, 0.00 seconds (0.00 work units)

    Nodes    |    Current Node    |     Objective Bounds      |     Work
 Expl Unexpl |  Obj  Depth IntInf | Incumbent    BestBd   Gap | It/Node Time

     0     0    0.05488    0   45    0.04650    0.05488  18.0%     -    0s
H    0     0                       0.0465374    0.05488  17.9%     -    0s
     0     0    0.05488    0   47    0.04654    0.05488  17.9%     -    0s
     0     0    0.05488    0   46    0.04654    0.05488  17.9%     -    0s
     0     0    0.05488    0   46    0.04654    0.05488  17.9%     -    0s
     0     0    0.05488    0   39    0.04654    0.05488  17.9%     -    0s
     0     0    0.05488    0   39    0.04654    0.05488  17.9%     -    0s
     0     0    0.05488    0   39    0.04654    0.05488  17.9%     -    0s
     0     0    0.05488    0   39    0.04654    0.05488  17.9%     -    0s
     0     2    0.05488    0   39    0.04654    0.05488  17.9%     -    0s
 49746 11082 infeasible   54         0.04654    0.05488  17.9%  27.2    5s
 125103 23259     cutoff   53         0.04654    0.05488  17.9%  26.1   10s
 192027 34529    0.05427   41   67    0.04654    0.05488  17.9%  25.5   15s
 262048 48430    0.04748   49   47    0.04654    0.05488  17.9%  25.0   20s
 334527 61310    0.05488   46   33    0.04654    0.05488  17.9%  24.9   25s
 399326 71900    0.04675   49   52    0.04654    0.05488  17.9%  24.9   30s
 467084 83852     cutoff   51         0.04654    0.05488  17.9%  25.0   35s
 533569 97514    0.05488   41   64    0.04654    0.05488  17.9%  25.2   40s
 600370 109214    0.05488   46   65    0.04654    0.05488  17.9%  25.1   45s
 663371 118369    0.05488   50   49    0.04654    0.05488  17.9%  25.0   50s
 729680 128792    0.05330   43   53    0.04654    0.05488  17.9%  25.0   55s
 800117 137366     cutoff   55         0.04654    0.05488  17.9%  24.9   60s
 858447 144115    0.04868   51   47    0.04654    0.05488  17.9%  24.8   65s
 927534 153213     cutoff   50         0.04654    0.05488  17.9%  24.6   70s
 991671 161712    0.04878   59   55    0.04654    0.05488  17.9%  24.7   75s
 1058172 171727    0.05219   49   51    0.04654    0.05488  17.9%  24.7   80s
 1116036 179653 infeasible   45         0.04654    0.05488  17.9%  24.7   85s
 1177500 190426    0.05488   30   65    0.04654    0.05488  17.9%  24.8   90s
 1240383 199078     cutoff   50         0.04654    0.05488  17.9%  24.9   95s
 1305337 208442    0.05218   51   52    0.04654    0.05488  17.9%  24.9  100s
 1366459 217312     cutoff   62         0.04654    0.05488  17.9%  24.8  105s
 1423083 227056     cutoff   52         0.04654    0.05488  17.9%  24.8  110s
H1471508 234476                       0.0465374    0.05488  17.9%  24.8  113s
 1490852 237604    0.05488   44   52    0.04654    0.05488  17.9%  24.8  115s
 1555472 247652    0.04734   61   49    0.04654    0.05488  17.9%  24.9  120s
 1619029 256389    0.05488   64   58    0.04654    0.05488  17.9%  24.9  125s
 1679844 264353    0.04832   56   53    0.04654    0.05488  17.9%  24.8  130s
 1742192 273342    0.04793   53   57    0.04654    0.05488  17.9%  24.9  135s
 1800882 282079 infeasible   47         0.04654    0.05488  17.9%  24.9  140s
 1863424 291083    0.04806   41   59    0.04654    0.05488  17.9%  24.9  145s
 1927695 301284    0.04663   55   59    0.04654    0.05488  17.9%  24.9  150s
 1996652 315212    0.04862   56   56    0.04654    0.05488  17.9%  24.8  155s
 2063912 326227    0.05488   41   46    0.04654    0.05488  17.9%  24.8  160s
 2128263 335651     cutoff   56         0.04654    0.05488  17.9%  24.8  165s
 2187878 344739    0.04792   46   48    0.04654    0.05488  17.9%  24.8  170s
 2234086 351499    0.04711   50   69    0.04654    0.05488  17.9%  24.9  175s
 2289963 358738     cutoff   61         0.04654    0.05488  17.9%  24.9  180s
 2348794 367088    0.05010   44   57    0.04654    0.05488  17.9%  25.0  185s
 2406394 376553    0.05011   40   65    0.04654    0.05488  17.9%  25.0  190s
 2469974 387199    0.05488   48   52    0.04654    0.05488  17.9%  25.0  195s

Cutting planes:
  Gomory: 38
  Implied bound: 8
  MIR: 7
  Flow cover: 110
  Inf proof: 376
  RLT: 167
  Relax-and-lift: 37

Explored 2505635 nodes (62637990 simplex iterations) in 198.42 seconds (480.93 work units)
Thread count was 10 (of 10 available processors)

Solution count 1: 0.0465374 

Solve interrupted
Best objective 4.653742036177e-02, best bound 5.488068669328e-02, gap 17.9281%
